[WebServer] (node:27908) Warning: The 'NO_COLOR' env is ignored due to the 'FORCE_COLOR' env being set.
[WebServer] (Use `node --trace-warnings ...` to show where the warning was created)


Running 6 tests using 1 worker

(node:60332) Warning: The 'NO_COLOR' env is ignored due to the 'FORCE_COLOR' env being set.

(Use `node --trace-warnings ...` to show where the warning was created)

[1/6] [chromium-desktop] › tests\browser\build-contract.spec.js:4:1 › source and built module applications load every chunk and preserve the canonical simulation

(node:6872) Warning: The 'NO_COLOR' env is ignored due to the 'FORCE_COLOR' env being set.
(Use `node --trace-warnings ...` to show where the warning was created)

[2/6] [firefox-desktop] › tests\browser\build-contract.spec.js:4:1 › source and built module applications load every chunk and preserve the canonical simulation
(node:46032) Warning: The 'NO_COLOR' env is ignored due to the 'FORCE_COLOR' env being set.
(Use `node --trace-warnings ...` to show where the warning was created)


[3/6] [webkit-desktop] › tests\browser\build-contract.spec.js:4:1 › source and built module applications load every chunk and preserve the canonical simulation
(node:50960) Warning: The 'NO_COLOR' env is ignored due to the 'FORCE_COLOR' env being set.

(Use `node --trace-warnings ...` to show where the warning was created)

[4/6] [chromium-reduced-motion] › tests\browser\build-contract.spec.js:4:1 › source and built module applications load every chunk and preserve the canonical simulation

(node:25568) Warning: The 'NO_COLOR' env is ignored due to the 'FORCE_COLOR' env being set.
(Use `node --trace-warnings ...` to show where the warning was created)

[5/6] [chromium-source-contract] › tests\browser\build-contract.spec.js:4:1 › source and built module applications load every chunk and preserve the canonical simulation
(node:9168) Warning: The 'NO_COLOR' env is ignored due to the 'FORCE_COLOR' env being set.

(Use `node --trace-warnings ...` to show where the warning was created)

[6/6] [chromium-built-contract] › tests\browser\build-contract.spec.js:4:1 › source and built module applications load every chunk and preserve the canonical simulation
  6 passed (23.5s)
