 Container statefall-sandbox-db-1 Starting 
 Container statefall-sandbox-db-1 Started 
 Container statefall-sandbox-db-1 Waiting 
 Container statefall-sandbox-db-1 Healthy 
 Container statefall-sandbox-wordpress-1 Starting 
 Container statefall-sandbox-wordpress-1 Started 
 Container statefall-sandbox-db-1 Running 
 Container statefall-sandbox-db-1 Waiting 
 Container statefall-sandbox-db-1 Healthy 
 Container statefall-sandbox-cli-run-54b783fa7306 Creating 
 Container statefall-sandbox-cli-run-54b783fa7306 Created 
 Container statefall-sandbox-db-1 Running 
 Container statefall-sandbox-db-1 Waiting 
 Container statefall-sandbox-db-1 Healthy 
 Container statefall-sandbox-cli-run-94bec6bc0773 Creating 
 Container statefall-sandbox-cli-run-94bec6bc0773 Created 
NAME                            IMAGE                         COMMAND                  SERVICE     CREATED       STATUS                    PORTS
statefall-sandbox-db-1          mariadb:11.4                  "docker-entrypoint.s…"   db          13 days ago   Up 26 seconds (healthy)   3306/tcp
statefall-sandbox-wordpress-1   wordpress:7.1-php8.4-apache   "docker-entrypoint.s…"   wordpress   13 days ago   Up 20 seconds             127.0.0.1:8088->80/tcp
Statefall sandbox: http://localhost:8088/
