
> statefall@1.10.62 perf:browser
> node tools/browser-performance.js

vite v7.3.6 building client environment for production...
transforming...
✓ 100 modules transformed.
rendering chunks...
computing gzip size...
../.artifacts/browser-performance/qualification-N1u8Fd/assets/terrain-raster-worker-CLeriLB5.js           8.84 kB
../.artifacts/browser-performance/qualification-N1u8Fd/assets/CREDITS.CI7BT1uz.txt                       11.21 kB │ gzip:   3.66 kB
../.artifacts/browser-performance/qualification-N1u8Fd/assets/construction-radar.BYMq1I8r.ogg            11.47 kB
../.artifacts/browser-performance/qualification-N1u8Fd/assets/attack-start.CGsRx-b1.ogg                  13.27 kB
../.artifacts/browser-performance/qualification-N1u8Fd/assets/construction-lradar.B9cHv6Lg.ogg           13.35 kB
../.artifacts/browser-performance/qualification-N1u8Fd/assets/sam-launch.C7fCzSZS.ogg                    13.78 kB
../.artifacts/browser-performance/qualification-N1u8Fd/assets/construction-engcmd.DxYxdTfW.ogg           16.77 kB
../.artifacts/browser-performance/qualification-N1u8Fd/assets/construction-satellite.Bs8hdmou.ogg        17.20 kB
../.artifacts/browser-performance/qualification-N1u8Fd/assets/construction-port.5m7qgOz6.ogg             17.71 kB
../.artifacts/browser-performance/qualification-N1u8Fd/assets/attack-stalled.BuZ-w6O4.ogg                18.02 kB
../.artifacts/browser-performance/qualification-N1u8Fd/assets/construction-sam.BCoQ6zaA.ogg              18.17 kB
../.artifacts/browser-performance/qualification-N1u8Fd/assets/construction-subbase.tLivGB3Z.ogg          19.03 kB
../.artifacts/browser-performance/qualification-N1u8Fd/assets/construction-shore.BEZndTDf.ogg            19.06 kB
../.artifacts/browser-performance/qualification-N1u8Fd/assets/transport.uFOOuNMF.webp                    19.07 kB
../.artifacts/browser-performance/qualification-N1u8Fd/assets/sam.CkktHUk3.webp                          19.37 kB
../.artifacts/browser-performance/qualification-N1u8Fd/assets/shell-impact.33uSdFCN.ogg                  20.09 kB
../.artifacts/browser-performance/qualification-N1u8Fd/index.html                                        20.44 kB │ gzip:   6.07 kB
../.artifacts/browser-performance/qualification-N1u8Fd/assets/flightops.CmlKgzna.webp                    20.49 kB
../.artifacts/browser-performance/qualification-N1u8Fd/assets/airfield.DoaqS2Go.webp                     20.78 kB
../.artifacts/browser-performance/qualification-N1u8Fd/assets/sam-intercept.ByftU06W.ogg                 20.99 kB
../.artifacts/browser-performance/qualification-N1u8Fd/assets/construction-flightops.VIkhw6EU.ogg        21.72 kB
../.artifacts/browser-performance/qualification-N1u8Fd/assets/sub.BPrUd6iE.webp                          21.90 kB
../.artifacts/browser-performance/qualification-N1u8Fd/assets/battery.Dp8hAS9O.webp                      21.95 kB
../.artifacts/browser-performance/qualification-N1u8Fd/assets/radar.DOCXPpIw.webp                        22.00 kB
../.artifacts/browser-performance/qualification-N1u8Fd/assets/silo.CGocG91k.webp                         22.39 kB
../.artifacts/browser-performance/qualification-N1u8Fd/assets/city.C-_ns83z.webp                         22.44 kB
../.artifacts/browser-performance/qualification-N1u8Fd/assets/layer-machineguns.B3UI_Zyf.ogg             22.99 kB
../.artifacts/browser-performance/qualification-N1u8Fd/assets/hunter.u1BIKrVw.webp                       23.27 kB
../.artifacts/browser-performance/qualification-N1u8Fd/assets/construction-factory.BdzJTT9Y.ogg          23.27 kB
../.artifacts/browser-performance/qualification-N1u8Fd/assets/engcmd.b7DNwJxR.webp                       23.44 kB
../.artifacts/browser-performance/qualification-N1u8Fd/assets/scout.Cub5FsSa.webp                        23.95 kB
../.artifacts/browser-performance/qualification-N1u8Fd/assets/port.C8LDPiM1.webp                         24.70 kB
../.artifacts/browser-performance/qualification-N1u8Fd/assets/warship.CsCdiM_8.webp                      24.71 kB
../.artifacts/browser-performance/qualification-N1u8Fd/assets/factory.CszCQo-B.webp                      24.96 kB
../.artifacts/browser-performance/qualification-N1u8Fd/assets/construction-command.BAV_a7SW.ogg          25.26 kB
../.artifacts/browser-performance/qualification-N1u8Fd/assets/heavytransport.jiwASQRd.webp               25.26 kB
../.artifacts/browser-performance/qualification-N1u8Fd/assets/jammer.BCFhSz4o.webp                       25.59 kB
../.artifacts/browser-performance/qualification-N1u8Fd/assets/rship.Du93rFD7.webp                        25.61 kB
../.artifacts/browser-performance/qualification-N1u8Fd/assets/construction-jammer.DVBETfl0.ogg           26.74 kB
../.artifacts/browser-performance/qualification-N1u8Fd/assets/construction-silo.CJI6wUu_.ogg             26.80 kB
../.artifacts/browser-performance/qualification-N1u8Fd/assets/cruiser.Btcxe4wS.webp                      26.81 kB
../.artifacts/browser-performance/qualification-N1u8Fd/assets/satellite.wsAf_yqE.webp                    27.16 kB
../.artifacts/browser-performance/qualification-N1u8Fd/assets/attack-failed.Dx12q7w7.ogg                 27.22 kB
../.artifacts/browser-performance/qualification-N1u8Fd/assets/spy.DVlcTsjA.webp                          27.48 kB
../.artifacts/browser-performance/qualification-N1u8Fd/assets/battleship.CMa6Vr3I.webp                   27.90 kB
../.artifacts/browser-performance/qualification-N1u8Fd/assets/bertha.iuxoryxl.webp                       27.96 kB
../.artifacts/browser-performance/qualification-N1u8Fd/assets/airfield-level2.Dm-AO7Ce.webp              27.98 kB
../.artifacts/browser-performance/qualification-N1u8Fd/assets/troopcmd.BBHa6HYX.webp                     28.12 kB
../.artifacts/browser-performance/qualification-N1u8Fd/assets/layer-artillery.QGLdAoRd.ogg               28.25 kB
../.artifacts/browser-performance/qualification-N1u8Fd/assets/command.BGJc27jO.webp                      28.90 kB
../.artifacts/browser-performance/qualification-N1u8Fd/assets/capture-neutral.7iFR-8an.ogg               28.93 kB
../.artifacts/browser-performance/qualification-N1u8Fd/assets/shore.DkoBowlT.webp                        29.02 kB
../.artifacts/browser-performance/qualification-N1u8Fd/assets/merchant.CmaNDhnI.webp                     29.13 kB
../.artifacts/browser-performance/qualification-N1u8Fd/assets/bomber.vCyUYVmX.webp                       29.51 kB
../.artifacts/browser-performance/qualification-N1u8Fd/assets/truck.CQFV7wMD.webp                        29.81 kB
../.artifacts/browser-performance/qualification-N1u8Fd/assets/lradar.BHDBiBak.webp                       29.99 kB
../.artifacts/browser-performance/qualification-N1u8Fd/assets/fighter.LyTzn5bp.webp                      30.48 kB
../.artifacts/browser-performance/qualification-N1u8Fd/assets/artillery.CO7U-4uP.ogg                     30.84 kB
../.artifacts/browser-performance/qualification-N1u8Fd/assets/privateer.BoNvWPSJ.webp                    31.80 kB
../.artifacts/browser-performance/qualification-N1u8Fd/assets/subbase.8JWbtTrM.webp                      32.02 kB
../.artifacts/browser-performance/qualification-N1u8Fd/assets/construction-troopcmd.XgMfS9rt.ogg         32.35 kB
../.artifacts/browser-performance/qualification-N1u8Fd/assets/construction-fort.CXHjHMam.ogg             32.79 kB
../.artifacts/browser-performance/qualification-N1u8Fd/assets/missile-launch.DYNKhuog.ogg                32.94 kB
../.artifacts/browser-performance/qualification-N1u8Fd/assets/fort-level2.CGk7IK6i.webp                  33.30 kB
../.artifacts/browser-performance/qualification-N1u8Fd/assets/shield.DyrkHtE0.webp                       33.57 kB
../.artifacts/browser-performance/qualification-N1u8Fd/assets/construction-shield.41IsRhsw.ogg           34.58 kB
../.artifacts/browser-performance/qualification-N1u8Fd/assets/carrier.DTDHsreo.webp                      35.13 kB
../.artifacts/browser-performance/qualification-N1u8Fd/assets/classic-terrain-worker-DbixG6kC.js         35.52 kB
../.artifacts/browser-performance/qualification-N1u8Fd/assets/port-level2.DsxvAANN.webp                  35.61 kB
../.artifacts/browser-performance/qualification-N1u8Fd/assets/construction-bertha.B53p2FNk.ogg           36.20 kB
../.artifacts/browser-performance/qualification-N1u8Fd/assets/fort.C9uNcj6U.webp                         36.86 kB
../.artifacts/browser-performance/qualification-N1u8Fd/assets/capture-enemy.BlL2PXpG.ogg                 37.25 kB
../.artifacts/browser-performance/qualification-N1u8Fd/assets/incoming-warning.B7opzLix.ogg              38.49 kB
../.artifacts/browser-performance/qualification-N1u8Fd/assets/nuclear-detonation.8lokG4Ht.ogg            39.43 kB
../.artifacts/browser-performance/qualification-N1u8Fd/assets/fort-level3.SPfiemnC.webp                  39.63 kB
../.artifacts/browser-performance/qualification-N1u8Fd/assets/construction-battery.BPSBhelb.ogg          40.61 kB
../.artifacts/browser-performance/qualification-N1u8Fd/assets/construction-airfield.ByQ9Uzgx.ogg         42.58 kB
../.artifacts/browser-performance/qualification-N1u8Fd/assets/construction-start.D8HmVWzh.ogg            43.48 kB
../.artifacts/browser-performance/qualification-N1u8Fd/assets/construction-city.C06fbj7X.ogg             54.19 kB
../.artifacts/browser-performance/qualification-N1u8Fd/assets/ship-sinking.BpWdtiaD.ogg                  59.97 kB
../.artifacts/browser-performance/qualification-N1u8Fd/assets/enemy-eliminated.BG-SPIRF.ogg              95.30 kB
../.artifacts/browser-performance/qualification-N1u8Fd/assets/layer-tracks.CltHjs7U.ogg                 138.46 kB
../.artifacts/browser-performance/qualification-N1u8Fd/assets/attack-progress.BAHszaEM.ogg              159.81 kB
../.artifacts/browser-performance/qualification-N1u8Fd/assets/spy-directions.DtF7O0Lw.png               739.12 kB
../.artifacts/browser-performance/qualification-N1u8Fd/assets/sub-directions.UIukOQ0g.png               797.92 kB
../.artifacts/browser-performance/qualification-N1u8Fd/assets/scout-directions.8DJqo1uL.png             838.96 kB
../.artifacts/browser-performance/qualification-N1u8Fd/assets/hunter-directions.DsmpFbK8.png            848.20 kB
../.artifacts/browser-performance/qualification-N1u8Fd/assets/silo-layered-v2.By3OUt3k.png              855.43 kB
../.artifacts/browser-performance/qualification-N1u8Fd/assets/destroyer-directions.Bn0IdzHr.png         932.62 kB
../.artifacts/browser-performance/qualification-N1u8Fd/assets/rship-directions.7lr-mIv4.png           1,050.92 kB
../.artifacts/browser-performance/qualification-N1u8Fd/assets/transport-directions.BLM_oUCL.png       1,079.67 kB
../.artifacts/browser-performance/qualification-N1u8Fd/assets/cruiser-directions.Cmpwy1ko.png         1,082.27 kB
../.artifacts/browser-performance/qualification-N1u8Fd/assets/battleship-directions.q9N9MxIe.png      1,094.65 kB
../.artifacts/browser-performance/qualification-N1u8Fd/assets/merchant-directions.DU7IfVj-.png        1,097.69 kB
../.artifacts/browser-performance/qualification-N1u8Fd/assets/fighter-directions.BJodwhUi.png         1,109.64 kB
../.artifacts/browser-performance/qualification-N1u8Fd/assets/carrier-directions.2BGiq__M.png         1,149.05 kB
../.artifacts/browser-performance/qualification-N1u8Fd/assets/bomber-directions.B_iZkf5O.png          1,272.79 kB
../.artifacts/browser-performance/qualification-N1u8Fd/assets/privateer-directions.lidVSLc7.png       1,277.95 kB
../.artifacts/browser-performance/qualification-N1u8Fd/assets/heavytransport-directions.DP80JD89.png  1,392.20 kB
../.artifacts/browser-performance/qualification-N1u8Fd/assets/fort-level2.CJiWC7AM.png                1,439.12 kB
../.artifacts/browser-performance/qualification-N1u8Fd/assets/truck-directions.CtEFX2Mw.png           1,449.87 kB
../.artifacts/browser-performance/qualification-N1u8Fd/assets/units.CPVKFj2k.png                      1,515.39 kB
../.artifacts/browser-performance/qualification-N1u8Fd/assets/airfield-level2.h5hjsl38.png            1,602.10 kB
../.artifacts/browser-performance/qualification-N1u8Fd/assets/port-level2.B_j6EYvf.png                1,882.34 kB
../.artifacts/browser-performance/qualification-N1u8Fd/assets/fort-level3.DW81DmkH.png                1,976.55 kB
../.artifacts/browser-performance/qualification-N1u8Fd/assets/structures-complete.Bm3RzRlB.png        2,030.23 kB
../.artifacts/browser-performance/qualification-N1u8Fd/assets/sam-base-v1.Cf8gTYxL.png                2,648.24 kB
../.artifacts/browser-performance/qualification-N1u8Fd/assets/terrain.C-2eEVb_.png                    3,581.89 kB
../.artifacts/browser-performance/qualification-N1u8Fd/assets/index.BwZoAT1f.css                         13.77 kB │ gzip:   3.57 kB
../.artifacts/browser-performance/qualification-N1u8Fd/assets/module-preload.PPVm8Dsz.js                  1.23 kB │ gzip:   0.71 kB
../.artifacts/browser-performance/qualification-N1u8Fd/assets/classic-terrain-client.CacUzfzd.js          3.18 kB │ gzip:   1.59 kB
../.artifacts/browser-performance/qualification-N1u8Fd/assets/index.bOULVEXR.js                           3.27 kB │ gzip:   1.44 kB
../.artifacts/browser-performance/qualification-N1u8Fd/assets/unit-art-metadata.B1x0u96r.js               4.60 kB │ gzip:   1.89 kB
../.artifacts/browser-performance/qualification-N1u8Fd/assets/terrain-raster-client.2__AgCLY.js           5.05 kB │ gzip:   1.90 kB
../.artifacts/browser-performance/qualification-N1u8Fd/assets/classic-sam-sequence.BL3iuRRN.js            8.14 kB │ gzip:   3.44 kB
../.artifacts/browser-performance/qualification-N1u8Fd/assets/classic-battlefield.Co918GEZ.js            21.71 kB │ gzip:   9.01 kB
../.artifacts/browser-performance/qualification-N1u8Fd/assets/legacy-game.DJE94PMB.js                 1,011.65 kB │ gzip: 318.80 kB

(!) Some chunks are larger than 500 kB after minification. Consider:
- Using dynamic import() to code-split the application
- Use build.rollupOptions.output.manualChunks to improve chunking: https://rollupjs.org/configuration-options/#output-manualchunks
- Adjust chunk size limit for this warning via build.chunkSizeWarningLimit.
✓ built in 1.35s
Measuring desktop-1440x900 (3 cold samples)...
Measuring mobile-pixel-7-390x844 (3 cold samples)...
Measuring desktop-broadband-25mbps (3 cold samples)...
Measuring desktop-constrained-10mbps (3 cold samples)...
desktop-1440x900: load 315.3 ms, start 237.7 ms, 300 ticks 558.7 ms, frame p95 1.5 ms, transfer 35107648 B, heap 17903352 B
mobile-pixel-7-390x844: load 292.7 ms, start 227.5 ms, 300 ticks 580.3 ms, frame p95 1.3 ms, transfer 35107648 B, heap 17940240 B
desktop-broadband-25mbps: load 12297.0 ms, start 282.5 ms, 300 ticks 584.6 ms, frame p95 1.8 ms, transfer 35107648 B, heap 17908536 B
desktop-constrained-10mbps: load 29412.1 ms, start 257.0 ms, 300 ticks 564.8 ms, frame p95 1.4 ms, transfer 35107648 B, heap 17917436 B
Report: docs\evidence\release-1.10.62\performance.json
