
> statefall@1.10.46 test:build-reproducibility
> node tests/build-reproducibility.js


> statefall@1.10.46 build:game
> vite build && node tools/build-howto.js dist/howto && node tools/build-flags.js dist/flags.js && node tools/finalize-game-build.js

vite v7.3.6 building client environment for production...
transforming...
✓ 77 modules transformed.
rendering chunks...
computing gzip size...
../dist/assets/terrain-raster-worker-CLeriLB5.js    8.84 kB
../dist/index.html                                 19.14 kB │ gzip:   5.61 kB
../dist/assets/index.DJ-PSlvI.css                  12.58 kB │ gzip:   3.22 kB
../dist/assets/index.h_RDftnw.js                  814.29 kB │ gzip: 264.19 kB

(!) Some chunks are larger than 500 kB after minification. Consider:
- Using dynamic import() to code-split the application
- Use build.rollupOptions.output.manualChunks to improve chunking: https://rollupjs.org/configuration-options/#output-manualchunks
- Adjust chunk size limit for this warning via build.chunkSizeWarningLimit.
✓ built in 1.71s
copied 8 pages to dist/howto
flags.js 18128 bytes
dist/release.json 24 files sha256 a48d6e3e289ec1fc1c08cce3951760d859e6c1396a01f41785c6b50758029019

> statefall@1.10.46 build:game
> vite build && node tools/build-howto.js dist/howto && node tools/build-flags.js dist/flags.js && node tools/finalize-game-build.js

vite v7.3.6 building client environment for production...
transforming...
✓ 77 modules transformed.
rendering chunks...
computing gzip size...
../dist/assets/terrain-raster-worker-CLeriLB5.js    8.84 kB
../dist/index.html                                 19.14 kB │ gzip:   5.61 kB
../dist/assets/index.DJ-PSlvI.css                  12.58 kB │ gzip:   3.22 kB
../dist/assets/index.h_RDftnw.js                  814.29 kB │ gzip: 264.19 kB

(!) Some chunks are larger than 500 kB after minification. Consider:
- Using dynamic import() to code-split the application
- Use build.rollupOptions.output.manualChunks to improve chunking: https://rollupjs.org/configuration-options/#output-manualchunks
- Adjust chunk size limit for this warning via build.chunkSizeWarningLimit.
✓ built in 1.68s
copied 8 pages to dist/howto
flags.js 18128 bytes
dist/release.json 24 files sha256 a48d6e3e289ec1fc1c08cce3951760d859e6c1396a01f41785c6b50758029019
Build reproducibility PASS (25 files)
