
> statefall@1.10.61 build:game
> vite build && node tools/build-howto.js dist/howto && node tools/build-flags.js dist/flags.js && node tools/finalize-game-build.js

vite v7.3.6 building client environment for production...
transforming...
✓ 100 modules transformed.
rendering chunks...
computing gzip size...
../dist/assets/terrain-raster-worker-CLeriLB5.js           8.84 kB
../dist/assets/CREDITS.CI7BT1uz.txt                       11.21 kB │ gzip:   3.66 kB
../dist/assets/construction-radar.BYMq1I8r.ogg            11.47 kB
../dist/assets/attack-start.CGsRx-b1.ogg                  13.27 kB
../dist/assets/construction-lradar.B9cHv6Lg.ogg           13.35 kB
../dist/assets/sam-launch.C7fCzSZS.ogg                    13.78 kB
../dist/assets/construction-engcmd.DxYxdTfW.ogg           16.77 kB
../dist/assets/construction-satellite.Bs8hdmou.ogg        17.20 kB
../dist/assets/construction-port.5m7qgOz6.ogg             17.71 kB
../dist/assets/attack-stalled.BuZ-w6O4.ogg                18.02 kB
../dist/assets/construction-sam.BCoQ6zaA.ogg              18.17 kB
../dist/assets/construction-subbase.tLivGB3Z.ogg          19.03 kB
../dist/assets/construction-shore.BEZndTDf.ogg            19.06 kB
../dist/assets/transport.uFOOuNMF.webp                    19.07 kB
../dist/assets/sam.CkktHUk3.webp                          19.37 kB
../dist/assets/shell-impact.33uSdFCN.ogg                  20.09 kB
../dist/index.html                                        20.27 kB │ gzip:   5.99 kB
../dist/assets/flightops.CmlKgzna.webp                    20.49 kB
../dist/assets/airfield.DoaqS2Go.webp                     20.78 kB
../dist/assets/sam-intercept.ByftU06W.ogg                 20.99 kB
../dist/assets/construction-flightops.VIkhw6EU.ogg        21.72 kB
../dist/assets/sub.BPrUd6iE.webp                          21.90 kB
../dist/assets/battery.Dp8hAS9O.webp                      21.95 kB
../dist/assets/radar.DOCXPpIw.webp                        22.00 kB
../dist/assets/silo.CGocG91k.webp                         22.39 kB
../dist/assets/city.C-_ns83z.webp                         22.44 kB
../dist/assets/layer-machineguns.B3UI_Zyf.ogg             22.99 kB
../dist/assets/hunter.u1BIKrVw.webp                       23.27 kB
../dist/assets/construction-factory.BdzJTT9Y.ogg          23.27 kB
../dist/assets/engcmd.b7DNwJxR.webp                       23.44 kB
../dist/assets/scout.Cub5FsSa.webp                        23.95 kB
../dist/assets/port.C8LDPiM1.webp                         24.70 kB
../dist/assets/warship.CsCdiM_8.webp                      24.71 kB
../dist/assets/factory.CszCQo-B.webp                      24.96 kB
../dist/assets/construction-command.BAV_a7SW.ogg          25.26 kB
../dist/assets/heavytransport.jiwASQRd.webp               25.26 kB
../dist/assets/jammer.BCFhSz4o.webp                       25.59 kB
../dist/assets/rship.Du93rFD7.webp                        25.61 kB
../dist/assets/construction-jammer.DVBETfl0.ogg           26.74 kB
../dist/assets/construction-silo.CJI6wUu_.ogg             26.80 kB
../dist/assets/cruiser.Btcxe4wS.webp                      26.81 kB
../dist/assets/satellite.wsAf_yqE.webp                    27.16 kB
../dist/assets/attack-failed.Dx12q7w7.ogg                 27.22 kB
../dist/assets/spy.DVlcTsjA.webp                          27.48 kB
../dist/assets/battleship.CMa6Vr3I.webp                   27.90 kB
../dist/assets/bertha.iuxoryxl.webp                       27.96 kB
../dist/assets/airfield-level2.Dm-AO7Ce.webp              27.98 kB
../dist/assets/troopcmd.BBHa6HYX.webp                     28.12 kB
../dist/assets/layer-artillery.QGLdAoRd.ogg               28.25 kB
../dist/assets/command.BGJc27jO.webp                      28.90 kB
../dist/assets/capture-neutral.7iFR-8an.ogg               28.93 kB
../dist/assets/shore.DkoBowlT.webp                        29.02 kB
../dist/assets/merchant.CmaNDhnI.webp                     29.13 kB
../dist/assets/bomber.vCyUYVmX.webp                       29.51 kB
../dist/assets/truck.CQFV7wMD.webp                        29.81 kB
../dist/assets/lradar.BHDBiBak.webp                       29.99 kB
../dist/assets/fighter.LyTzn5bp.webp                      30.48 kB
../dist/assets/artillery.CO7U-4uP.ogg                     30.84 kB
../dist/assets/privateer.BoNvWPSJ.webp                    31.80 kB
../dist/assets/subbase.8JWbtTrM.webp                      32.02 kB
../dist/assets/construction-troopcmd.XgMfS9rt.ogg         32.35 kB
../dist/assets/construction-fort.CXHjHMam.ogg             32.79 kB
../dist/assets/missile-launch.DYNKhuog.ogg                32.94 kB
../dist/assets/fort-level2.CGk7IK6i.webp                  33.30 kB
../dist/assets/shield.DyrkHtE0.webp                       33.57 kB
../dist/assets/construction-shield.41IsRhsw.ogg           34.58 kB
../dist/assets/carrier.DTDHsreo.webp                      35.13 kB
../dist/assets/classic-terrain-worker-DbixG6kC.js         35.52 kB
../dist/assets/port-level2.DsxvAANN.webp                  35.61 kB
../dist/assets/construction-bertha.B53p2FNk.ogg           36.20 kB
../dist/assets/fort.C9uNcj6U.webp                         36.86 kB
../dist/assets/capture-enemy.BlL2PXpG.ogg                 37.25 kB
../dist/assets/incoming-warning.B7opzLix.ogg              38.49 kB
../dist/assets/nuclear-detonation.8lokG4Ht.ogg            39.43 kB
../dist/assets/fort-level3.SPfiemnC.webp                  39.63 kB
../dist/assets/construction-battery.BPSBhelb.ogg          40.61 kB
../dist/assets/construction-airfield.ByQ9Uzgx.ogg         42.58 kB
../dist/assets/construction-start.D8HmVWzh.ogg            43.48 kB
../dist/assets/construction-city.C06fbj7X.ogg             54.19 kB
../dist/assets/ship-sinking.BpWdtiaD.ogg                  59.97 kB
../dist/assets/enemy-eliminated.BG-SPIRF.ogg              95.30 kB
../dist/assets/layer-tracks.CltHjs7U.ogg                 138.46 kB
../dist/assets/attack-progress.BAHszaEM.ogg              159.81 kB
../dist/assets/spy-directions.DtF7O0Lw.png               739.12 kB
../dist/assets/sub-directions.UIukOQ0g.png               797.92 kB
../dist/assets/scout-directions.8DJqo1uL.png             838.96 kB
../dist/assets/hunter-directions.DsmpFbK8.png            848.20 kB
../dist/assets/silo-layered-v2.By3OUt3k.png              855.43 kB
../dist/assets/destroyer-directions.Bn0IdzHr.png         932.62 kB
../dist/assets/rship-directions.7lr-mIv4.png           1,050.92 kB
../dist/assets/transport-directions.BLM_oUCL.png       1,079.67 kB
../dist/assets/cruiser-directions.Cmpwy1ko.png         1,082.27 kB
../dist/assets/battleship-directions.q9N9MxIe.png      1,094.65 kB
../dist/assets/merchant-directions.DU7IfVj-.png        1,097.69 kB
../dist/assets/fighter-directions.BJodwhUi.png         1,109.64 kB
../dist/assets/carrier-directions.2BGiq__M.png         1,149.05 kB
../dist/assets/bomber-directions.B_iZkf5O.png          1,272.79 kB
../dist/assets/privateer-directions.lidVSLc7.png       1,277.95 kB
../dist/assets/heavytransport-directions.DP80JD89.png  1,392.20 kB
../dist/assets/fort-level2.CJiWC7AM.png                1,439.12 kB
../dist/assets/truck-directions.CtEFX2Mw.png           1,449.87 kB
../dist/assets/units.CPVKFj2k.png                      1,515.39 kB
../dist/assets/airfield-level2.h5hjsl38.png            1,602.10 kB
../dist/assets/port-level2.B_j6EYvf.png                1,882.34 kB
../dist/assets/fort-level3.DW81DmkH.png                1,976.55 kB
../dist/assets/structures-complete.Bm3RzRlB.png        2,030.23 kB
../dist/assets/sam-base-v1.Cf8gTYxL.png                2,648.24 kB
../dist/assets/terrain.C-2eEVb_.png                    3,581.89 kB
../dist/assets/index.DnPvDDna.css                         13.30 kB │ gzip:   3.44 kB
../dist/assets/module-preload.PPVm8Dsz.js                  1.23 kB │ gzip:   0.71 kB
../dist/assets/classic-terrain-client.CacUzfzd.js          3.18 kB │ gzip:   1.59 kB
../dist/assets/index.NCLRj5qy.js                           3.27 kB │ gzip:   1.45 kB
../dist/assets/unit-art-metadata.B1x0u96r.js               4.60 kB │ gzip:   1.89 kB
../dist/assets/terrain-raster-client.2__AgCLY.js           5.05 kB │ gzip:   1.90 kB
../dist/assets/classic-sam-sequence.BL3iuRRN.js            8.14 kB │ gzip:   3.44 kB
../dist/assets/classic-battlefield.Co918GEZ.js            21.71 kB │ gzip:   9.01 kB
../dist/assets/legacy-game.ByKPYc1Z.js                   847.14 kB │ gzip: 276.23 kB

(!) Some chunks are larger than 500 kB after minification. Consider:
- Using dynamic import() to code-split the application
- Use build.rollupOptions.output.manualChunks to improve chunking: https://rollupjs.org/configuration-options/#output-manualchunks
- Adjust chunk size limit for this warning via build.chunkSizeWarningLimit.
✓ built in 1.24s
copied 8 pages to dist/howto
(node:35468) [MODULE_TYPELESS_PACKAGE_JSON] Warning: Module type of file:///D:/One%20Drive/projects%20-%20local/statefall/statefall-repo-2026-09-12/game/src/config/build.js is not specified and it doesn't parse as CommonJS.
Reparsing as ES module because module syntax was detected. This incurs a performance overhead.
To eliminate this warning, add "type": "module" to D:\One Drive\projects - local\statefall\statefall-repo-2026-09-12\package.json.
(Use `node --trace-warnings ...` to show where the warning was created)
flags.js 18128 bytes
dist/release.json 137 files sha256 e6466282ae5599312c6401eec60fc9d533e4ab26ea31c6533150cebddb47ba1d
